// Jest Snapshot v1, https://goo.gl/fbAQLP

exports[`should render EditExpensePage correctly 1`] = `
<div>
  <ExpenseForm
    expense={
      Object {
        "amount": 3950,
        "createdAt": -345600000,
        "description": "Bonbon",
        "id": "2",
        "note": "bonbon note",
      }
    }
    onSubmit={[Function]}
  />
  <button
    onClick={[Function]}
  >
    remove
  </button>
</div>
`;
