// Jest Snapshot v1, https://goo.gl/fbAQLP

exports[`should render ExpenseList with empty message 1`] = `
<div>
  <p>
    No Expenses
  </p>
</div>
`;

exports[`should render ExpenseList with expenses 1`] = `
<div>
  <ExpenseListItem
    amount={195}
    createdAt={0}
    description="Gum"
    id="1"
    key="1"
    note=""
  />
  <ExpenseListItem
    amount={3950}
    createdAt={-345600000}
    description="Bonbon"
    id="2"
    key="2"
    note="bonbon note"
  />
  <ExpenseListItem
    amount={2220}
    createdAt={86400000}
    description="Choco"
    id="3"
    key="3"
    note=""
  />
  <ExpenseListItem
    amount={1850}
    createdAt={172800000}
    description="Pretzl"
    id="4"
    key="4"
    note=""
  />
  <ExpenseListItem
    amount={4950}
    createdAt={259200000}
    description="Chips"
    id="5"
    key="5"
    note=""
  />
</div>
`;
